Microchip MPLAB XC8 Compiler V2.10 ()

Linker command line:

-W-3 --edf=C:\Program Files (x86)\Microchip\xc8\v2.10\pic\dat\en_msgs.txt \
  -cs -h+dist/default/production\Laboratorio_4_Master.X.production.sym \
  --cmf=dist/default/production\Laboratorio_4_Master.X.production.cmf -z \
  -Q16F887 -oC:\Users\juanz\AppData\Local\Temp\sjv4.2 \
  --defsym=__MPLAB_BUILD=1 \
  -Mdist/default/production/Laboratorio_4_Master.X.production.map -E1 \
  -ver=XC8 --acfsm=1493 -ASTACK=0110h-016Fh -pstack=STACK \
  -ACODE=00h-07FFhx4 -ASTRCODE=00h-01FFFh -ASTRING=00h-0FFhx32 \
  -ACONST=00h-0FFhx32 -AENTRY=00h-0FFhx32 -ACOMMON=070h-07Fh \
  -ABANK0=020h-06Fh -ABANK1=0A0h-0EFh -ABANK2=0110h-016Fh \
  -ABANK3=0190h-01EFh -ARAM=020h-06Fh,0A0h-0EFh,0110h-016Fh,0190h-01EFh \
  -AABS1=020h-07Fh,0A0h-0EFh,0110h-016Fh,0190h-01EFh -ASFR0=00h-01Fh \
  -ASFR1=080h-09Fh -ASFR2=0100h-010Fh -ASFR3=0180h-018Fh \
  -preset_vec=00h,intentry,init,end_init -ppowerup=CODE -pcinit=CODE \
  -pfunctab=ENTRY -ACONFIG=02007h-02008h -pconfig=CONFIG -DCONFIG=2 \
  -AIDLOC=02000h-02003h -pidloc=IDLOC -DIDLOC=2 -AEEDATA=00h-0FFh/02100h \
  -peeprom_data=EEDATA -DEEDATA=2 -DCODE=2 -DSTRCODE=2 -DSTRING=2 -DCONST=2 \
  -DENTRY=2 -k C:\Users\juanz\AppData\Local\Temp\sjv4.o \
  dist/default/production\Laboratorio_4_Master.X.production.o 

Object code version is 3.11

Machine type is 16F887



                Name                               Link     Load   Length Selector   Space Scale
C:\Users\juanz\AppData\Local\Temp\sjv4.o
                end_init                              0        0        3        0       0
                config                             2007     2007        2     400E       0
dist/default/production\Laboratorio_4_Master.X.production.o
                cinit                               7F7      7F7        9      FEE       0
                text10                              6CA      6CA        8      D94       0
                text9                               723      723       18      E46       0
                text8                               6EB      6EB       10      DD6       0
                text7                               6FB      6FB       11      DF6       0
                text6                               73B      73B       23      E76       0
                text5                               6D2      6D2        A      DA4       0
                text4                               75E      75E       27      EBC       0
                text3                               6C4      6C4        6      D88       0
                text2                               70C      70C       17      E18       0
                text1                               6DC      6DC        F      DB8       0
                maintext                            785      785       72      F0A       0
                cstackCOMMON                         70       70        6       70       1
                bssCOMMON                            76       76        5       70       1

TOTAL           Name                               Link     Load   Length     Space
        CLASS   STACK          

        CLASS   CODE           
                end_init                              0        0        3         0
                cinit                               7F7      7F7        9         0
                text10                              6CA      6CA        8         0
                text9                               723      723       18         0
                text8                               6EB      6EB       10         0
                text7                               6FB      6FB       11         0
                text6                               73B      73B       23         0
                text5                               6D2      6D2        A         0
                text4                               75E      75E       27         0
                text3                               6C4      6C4        6         0
                text2                               70C      70C       17         0
                text1                               6DC      6DC        F         0
                maintext                            785      785       72         0

        CLASS   STRCODE        

        CLASS   STRING         

        CLASS   CONST          

        CLASS   ENTRY          

        CLASS   COMMON         
                cstackCOMMON                         70       70        6         1
                bssCOMMON                            76       76        5         1

        CLASS   BANK0          

        CLASS   BANK1          

        CLASS   BANK2          

        CLASS   BANK3          

        CLASS   RAM            

        CLASS   ABS1           
                abs_s1                               7E       7E        2         1

        CLASS   SFR0           

        CLASS   SFR1           

        CLASS   SFR2           

        CLASS   SFR3           

        CLASS   CONFIG         
                config                             2007     2007        2         0

        CLASS   IDLOC          

        CLASS   EEDATA         



SEGMENTS        Name                           Load    Length   Top    Selector   Space  Class     Delta

                reset_vec                      000000  000003  000003         0       0  CODE        2
                cstackCOMMON                   000070  00000B  00007B        70       1  COMMON      1
                text3                          0006C4  000006  0006CA       D88       0  CODE        2
                text10                         0006CA  000008  0006D2       D94       0  CODE        2
                text5                          0006D2  00000A  0006DC       DA4       0  CODE        2
                text1                          0006DC  00000F  0006EB       DB8       0  CODE        2
                text8                          0006EB  000010  0006FB       DD6       0  CODE        2
                text7                          0006FB  000011  00070C       DF6       0  CODE        2
                text2                          00070C  000017  000723       E18       0  CODE        2
                text9                          000723  000018  00073B       E46       0  CODE        2
                text6                          00073B  000023  00075E       E76       0  CODE        2
                text4                          00075E  000027  000785       EBC       0  CODE        2
                maintext                       000785  000072  0007F7       F0A       0  CODE        2
                cinit                          0007F7  000009  000800       FEE       0  CODE        2
                config                         002007  000002  002009      400E       0  CONFIG      2


UNUSED ADDRESS RANGES

        Name                Unused          Largest block    Delta
        BANK0            0020-006F             50           1
        BANK1            00A0-00EF             50           1
        BANK2            0110-016F             60           1
        BANK3            0190-01EF             60           1
        CODE             0003-06C3            6C1           2
                         0800-1FFF            800
        COMMON           007B-007D              3           1
        CONST            0003-06C3            100           2
                         0800-1FFF            100
        EEDATA           2100-21FF            100           2
        ENTRY            0003-06C3            100           2
                         0800-1FFF            100
        IDLOC            2000-2003              4           2
        RAM              0020-006F             50           1
                         00A0-00EF             50
                         0110-016F             60
                         0190-01EF             60
        SFR0             0000-001F             20           1
        SFR1             0080-009F             20           1
        SFR2             0100-010F             10           1
        SFR3             0180-018F             10           1
        STACK            0110-016F             60           1
        STRCODE          0003-06C3            6C1           2
                         0800-1FFF           1800
        STRING           0003-06C3            100           2
                         0800-1FFF            100

                                  Symbol Table

UARTW@m                         cstackCOMMON 0073
UART_Init@baudrate              cstackCOMMON 0070
UART_Write@data                 cstackCOMMON 0070
_ANSEL                          (abs)        0188
_ANSELH                         (abs)        0189
_BAUDCTLbits                    (abs)        0187
_OSCCONbits                     (abs)        008F
_PIR1bits                       (abs)        000C
_PORTA                          (abs)        0005
_PORTB                          (abs)        0006
_PORTC                          (abs)        0007
_PORTD                          (abs)        0008
_PORTE                          (abs)        0009
_RCIF                           (abs)        0065
_RCREG                          (abs)        001A
_RCSTAbits                      (abs)        0018
_SPBRG                          (abs)        0099
_SSPBUF                         (abs)        0013
_SSPCONbits                     (abs)        0014
_SSPSTATbits                    (abs)        0094
_TRISAbits                      (abs)        0085
_TRISB                          (abs)        0086
_TRISCbits                      (abs)        0087
_TRISD                          (abs)        0088
_TRMT                           (abs)        04C1
_TXREG                          (abs)        0019
_TXSTAbits                      (abs)        0098
_UARTR                          text9        0723
_UARTW                          text7        06FB
_UART_Init                      text6        073B
_UART_Read                      text10       06CA
_UART_Write                     text8        06EB
__CFG_BOR4V$BOR40V              (abs)        0000
__CFG_BOREN$OFF                 (abs)        0000
__CFG_CP$OFF                    (abs)        0000
__CFG_CPD$OFF                   (abs)        0000
__CFG_FCMEN$OFF                 (abs)        0000
__CFG_FOSC$INTRC_NOCLKOUT       (abs)        0000
__CFG_IESO$OFF                  (abs)        0000
__CFG_LVP$OFF                   (abs)        0000
__CFG_MCLRE$OFF                 (abs)        0000
__CFG_PWRTE$ON                  (abs)        0000
__CFG_WDTE$OFF                  (abs)        0000
__CFG_WRT$OFF                   (abs)        0000
__Habs1                         abs1         0000
__Hbank0                        bank0        0000
__Hbank1                        bank1        0000
__Hbank2                        bank2        0000
__Hbank3                        bank3        0000
__HbssCOMMON                    bssCOMMON    0000
__Hcinit                        cinit        0800
__Hclrtext                      clrtext      0000
__Hcode                         code         0000
__Hcommon                       common       0000
__Hconfig                       config       2009
__HcstackCOMMON                 cstackCOMMON 0000
__Heeprom_data                  eeprom_data  0000
__Hend_init                     end_init     0003
__Hfunctab                      functab      0000
__Hidloc                        idloc        0000
__Hinit                         init         0000
__Hintentry                     intentry     0000
__Hmaintext                     maintext     0000
__Hpowerup                      powerup      0000
__Hram                          ram          0000
__Hreset_vec                    reset_vec    0000
__Hsfr0                         sfr0         0000
__Hsfr1                         sfr1         0000
__Hsfr2                         sfr2         0000
__Hsfr3                         sfr3         0000
__Hspace_0                      (abs)        2009
__Hspace_1                      (abs)        007B
__Hspace_2                      (abs)        0000
__Hspace_3                      (abs)        0000
__Hstack                        stack        0000
__Hstrings                      strings      0000
__Htext                         text         0000
__Labs1                         abs1         0000
__Lbank0                        bank0        0000
__Lbank1                        bank1        0000
__Lbank2                        bank2        0000
__Lbank3                        bank3        0000
__LbssCOMMON                    bssCOMMON    0000
__Lcinit                        cinit        07F7
__Lclrtext                      clrtext      0000
__Lcode                         code         0000
__Lcommon                       common       0000
__Lconfig                       config       2007
__LcstackCOMMON                 cstackCOMMON 0000
__Leeprom_data                  eeprom_data  0000
__Lend_init                     end_init     0000
__Lfunctab                      functab      0000
__Lidloc                        idloc        0000
__Linit                         init         0000
__Lintentry                     intentry     0000
__Lmaintext                     maintext     0000
__Lpowerup                      powerup      0000
__Lram                          ram          0000
__Lreset_vec                    reset_vec    0000
__Lsfr0                         sfr0         0000
__Lsfr1                         sfr1         0000
__Lsfr2                         sfr2         0000
__Lsfr3                         sfr3         0000
__Lspace_0                      (abs)        0000
__Lspace_1                      (abs)        0000
__Lspace_2                      (abs)        0000
__Lspace_3                      (abs)        0000
__Lstack                        stack        0000
__Lstrings                      strings      0000
__Ltext                         text         0000
__S0                            (abs)        2009
__S1                            (abs)        007B
__S2                            (abs)        0000
__S3                            (abs)        0000
___int_sp                       stack        0000
___latbits                      (abs)        0002
___sp                           stack        0000
___stackhi                      (abs)        0000
___stacklo                      (abs)        0000
__end_of_UARTR                  text9        073B
__end_of_UARTW                  text7        070C
__end_of_UART_Init              text6        075E
__end_of_UART_Read              text10       06D2
__end_of_UART_Write             text8        06FB
__end_of__initialization        cinit        07FC
__end_of_main                   maintext     07F7
__end_of_spiFunctionReadSlave   text4        0785
__end_of_spiFunctionWriteSlave  text2        0723
__end_of_spiMasterInit          text1        06EB
__end_of_spiRead                text5        06DC
__end_of_spiWrite               text3        06CA
__initialization                cinit        07F7
__pbssCOMMON                    bssCOMMON    0076
__pcstackCOMMON                 cstackCOMMON 0070
__pmaintext                     maintext     0785
__ptext1                        text1        06DC
__ptext10                       text10       06CA
__ptext2                        text2        070C
__ptext3                        text3        06C4
__ptext4                        text4        075E
__ptext5                        text5        06D2
__ptext6                        text6        073B
__ptext7                        text7        06FB
__ptext8                        text8        06EB
__ptext9                        text9        0723
__size_of_UARTR                 (abs)        0000
__size_of_UARTW                 (abs)        0000
__size_of_UART_Init             (abs)        0000
__size_of_UART_Read             (abs)        0000
__size_of_UART_Write            (abs)        0000
__size_of_main                  (abs)        0000
__size_of_spiFunctionReadSlave  (abs)        0000
__size_of_spiFunctionWriteSlave (abs)        0000
__size_of_spiMasterInit         (abs)        0000
__size_of_spiRead               (abs)        0000
__size_of_spiWrite              (abs)        0000
_main                           maintext     0785
_masterIn                       bssCOMMON    0079
_spiFunctionReadSlave           text4        075E
_spiFunctionWriteSlave          text2        070C
_spiMasterInit                  text1        06DC
_spiRead                        text5        06D2
_spiWrite                       text3        06C4
_uartIn                         bssCOMMON    0076
btemp                           (abs)        007E
end_of_initialization           cinit        07FC
intlevel0                       functab      0000
intlevel1                       functab      0000
intlevel2                       functab      0000
intlevel3                       functab      0000
intlevel4                       functab      0000
intlevel5                       functab      0000
reset_vec                       reset_vec    0000
spiWrite@dat                    cstackCOMMON 0070
start                           init         0000
start_initialization            cinit        07F7
wtemp0                          (abs)        007E


FUNCTION INFORMATION:

 *************** function _main *****************
 Defined at:
		line 28 in file "Laboratorio_4_Master.c"
 Parameters:    Size  Location     Type
		None
 Auto vars:     Size  Location     Type
		None
 Return value:  Size  Location     Type
                  1    wreg      void 
 Registers used:
		wreg, status,2, status,0, pclath, cstack
 Tracked objects:
		On entry : 
		On exit  : 
		Unchanged: 
 Data sizes:     COMMON   BANK0   BANK1   BANK3   BANK2
      Params:         0       0       0       0       0
      Locals:         0       0       0       0       0
      Temps:          0       0       0       0       0
      Totals:         0       0       0       0       0
Total ram usage:        0 bytes
 Hardware stack levels required when called:    2
 This function calls:
		_UARTR
		_UARTW
		_UART_Init
		_spiFunctionReadSlave
		_spiFunctionWriteSlave
		_spiMasterInit
 This function is called by:
		Startup code after reset
 This function uses a non-reentrant model


 *************** function _spiMasterInit *****************
 Defined at:
		line 93 in file "Labor4Master.c"
 Parameters:    Size  Location     Type
		None
 Auto vars:     Size  Location     Type
		None
 Return value:  Size  Location     Type
                  1    wreg      void 
 Registers used:
		wreg, status,2, status,0
 Tracked objects:
		On entry : 
		On exit  : 
		Unchanged: 
 Data sizes:     COMMON   BANK0   BANK1   BANK3   BANK2
      Params:         0       0       0       0       0
      Locals:         0       0       0       0       0
      Temps:          0       0       0       0       0
      Totals:         0       0       0       0       0
Total ram usage:        0 bytes
 Hardware stack levels used:    1
 This function calls:
		Nothing
 This function is called by:
		_main
 This function uses a non-reentrant model


 *************** function _spiFunctionWriteSlave *****************
 Defined at:
		line 124 in file "Labor4Master.c"
 Parameters:    Size  Location     Type
		None
 Auto vars:     Size  Location     Type
		None
 Return value:  Size  Location     Type
                  1    wreg      void 
 Registers used:
		wreg, status,2, status,0, pclath, cstack
 Tracked objects:
		On entry : 
		On exit  : 
		Unchanged: 
 Data sizes:     COMMON   BANK0   BANK1   BANK3   BANK2
      Params:         0       0       0       0       0
      Locals:         0       0       0       0       0
      Temps:          2       0       0       0       0
      Totals:         2       0       0       0       0
Total ram usage:        2 bytes
 Hardware stack levels used:    1
 Hardware stack levels required when called:    1
 This function calls:
		_spiWrite
 This function is called by:
		_main
 This function uses a non-reentrant model


 *************** function _spiWrite *****************
 Defined at:
		line 135 in file "Labor4Master.c"
 Parameters:    Size  Location     Type
  dat             1    wreg     unsigned char 
 Auto vars:     Size  Location     Type
  dat             1    0[COMMON] unsigned char 
 Return value:  Size  Location     Type
                  1    wreg      void 
 Registers used:
		wreg
 Tracked objects:
		On entry : 
		On exit  : 
		Unchanged: 
 Data sizes:     COMMON   BANK0   BANK1   BANK3   BANK2
      Params:         0       0       0       0       0
      Locals:         1       0       0       0       0
      Temps:          0       0       0       0       0
      Totals:         1       0       0       0       0
Total ram usage:        1 bytes
 Hardware stack levels used:    1
 This function calls:
		Nothing
 This function is called by:
		_spiFunctionWriteSlave
 This function uses a non-reentrant model


 *************** function _spiFunctionReadSlave *****************
 Defined at:
		line 107 in file "Labor4Master.c"
 Parameters:    Size  Location     Type
		None
 Auto vars:     Size  Location     Type
		None
 Return value:  Size  Location     Type
                  1    wreg      void 
 Registers used:
		wreg, pclath, cstack
 Tracked objects:
		On entry : 
		On exit  : 
		Unchanged: 
 Data sizes:     COMMON   BANK0   BANK1   BANK3   BANK2
      Params:         0       0       0       0       0
      Locals:         0       0       0       0       0
      Temps:          1       0       0       0       0
      Totals:         1       0       0       0       0
Total ram usage:        1 bytes
 Hardware stack levels used:    1
 Hardware stack levels required when called:    1
 This function calls:
		_spiRead
 This function is called by:
		_main
 This function uses a non-reentrant model


 *************** function _spiRead *****************
 Defined at:
		line 146 in file "Labor4Master.c"
 Parameters:    Size  Location     Type
		None
 Auto vars:     Size  Location     Type
		None
 Return value:  Size  Location     Type
                  1    wreg      unsigned char 
 Registers used:
		wreg
 Tracked objects:
		On entry : 
		On exit  : 
		Unchanged: 
 Data sizes:     COMMON   BANK0   BANK1   BANK3   BANK2
      Params:         0       0       0       0       0
      Locals:         0       0       0       0       0
      Temps:          0       0       0       0       0
      Totals:         0       0       0       0       0
Total ram usage:        0 bytes
 Hardware stack levels used:    1
 This function calls:
		Nothing
 This function is called by:
		_spiFunctionReadSlave
 This function uses a non-reentrant model


 *************** function _UART_Init *****************
 Defined at:
		line 42 in file "Labor4Master.c"
 Parameters:    Size  Location     Type
  baudrate        4    0[COMMON] const long 
 Auto vars:     Size  Location     Type
		None
 Return value:  Size  Location     Type
                  1    wreg      unsigned char 
 Registers used:
		wreg
 Tracked objects:
		On entry : 
		On exit  : 
		Unchanged: 
 Data sizes:     COMMON   BANK0   BANK1   BANK3   BANK2
      Params:         4       0       0       0       0
      Locals:         0       0       0       0       0
      Temps:          2       0       0       0       0
      Totals:         6       0       0       0       0
Total ram usage:        6 bytes
 Hardware stack levels used:    1
 This function calls:
		Nothing
 This function is called by:
		_main
 This function uses a non-reentrant model


 *************** function _UARTW *****************
 Defined at:
		line 27 in file "Labor4Master.c"
 Parameters:    Size  Location     Type
  m               1    wreg     unsigned char 
 Auto vars:     Size  Location     Type
  m               1    3[COMMON] unsigned char 
 Return value:  Size  Location     Type
                  1    wreg      void 
 Registers used:
		wreg, status,2, status,0, pclath, cstack
 Tracked objects:
		On entry : 
		On exit  : 
		Unchanged: 
 Data sizes:     COMMON   BANK0   BANK1   BANK3   BANK2
      Params:         0       0       0       0       0
      Locals:         1       0       0       0       0
      Temps:          2       0       0       0       0
      Totals:         3       0       0       0       0
Total ram usage:        3 bytes
 Hardware stack levels used:    1
 Hardware stack levels required when called:    1
 This function calls:
		_UART_Write
 This function is called by:
		_main
 This function uses a non-reentrant model


 *************** function _UART_Write *****************
 Defined at:
		line 80 in file "Labor4Master.c"
 Parameters:    Size  Location     Type
  data            1    wreg     unsigned char 
 Auto vars:     Size  Location     Type
  data            1    0[COMMON] unsigned char 
 Return value:  Size  Location     Type
                  1    wreg      void 
 Registers used:
		wreg
 Tracked objects:
		On entry : 
		On exit  : 
		Unchanged: 
 Data sizes:     COMMON   BANK0   BANK1   BANK3   BANK2
      Params:         0       0       0       0       0
      Locals:         1       0       0       0       0
      Temps:          0       0       0       0       0
      Totals:         1       0       0       0       0
Total ram usage:        1 bytes
 Hardware stack levels used:    1
 This function calls:
		Nothing
 This function is called by:
		_UARTW
		_UARTWCHAR
 This function uses a non-reentrant model


 *************** function _UARTR *****************
 Defined at:
		line 16 in file "Labor4Master.c"
 Parameters:    Size  Location     Type
		None
 Auto vars:     Size  Location     Type
		None
 Return value:  Size  Location     Type
                  1    wreg      void 
 Registers used:
		wreg, pclath, cstack
 Tracked objects:
		On entry : 
		On exit  : 
		Unchanged: 
 Data sizes:     COMMON   BANK0   BANK1   BANK3   BANK2
      Params:         0       0       0       0       0
      Locals:         0       0       0       0       0
      Temps:          2       0       0       0       0
      Totals:         2       0       0       0       0
Total ram usage:        2 bytes
 Hardware stack levels used:    1
 Hardware stack levels required when called:    1
 This function calls:
		_UART_Read
 This function is called by:
		_main
 This function uses a non-reentrant model


 *************** function _UART_Read *****************
 Defined at:
		line 69 in file "Labor4Master.c"
 Parameters:    Size  Location     Type
		None
 Auto vars:     Size  Location     Type
		None
 Return value:  Size  Location     Type
                  1    wreg      unsigned char 
 Registers used:
		wreg
 Tracked objects:
		On entry : 
		On exit  : 
		Unchanged: 
 Data sizes:     COMMON   BANK0   BANK1   BANK3   BANK2
      Params:         0       0       0       0       0
      Locals:         0       0       0       0       0
      Temps:          0       0       0       0       0
      Totals:         0       0       0       0       0
Total ram usage:        0 bytes
 Hardware stack levels used:    1
 This function calls:
		Nothing
 This function is called by:
		_UARTR
		_UART_Read_Text
 This function uses a non-reentrant model



MODULE INFORMATION

Module		Function		Class		Link	Load	Size
Laboratorio_4_Master.c
		_main          		CODE           	0785	0000	115

Laboratorio_4_Master.c estimated size: 115

Labor4Master.c
		_spiMasterInit 		CODE           	06DC	0000	16
		_UARTW         		CODE           	06FB	0000	18
		_UART_Read     		CODE           	06CA	0000	9
		_UARTR         		CODE           	0723	0000	25
		_spiWrite      		CODE           	06C4	0000	7
		_UART_Init     		CODE           	073B	0000	36
		_spiFunctionReadSlave		CODE           	075E	0000	40
		_spiFunctionWriteSlave		CODE           	070C	0000	24
		_spiRead       		CODE           	06D2	0000	11
		_UART_Write    		CODE           	06EB	0000	17

Labor4Master.c estimated size: 203

shared
		__initialization		CODE           	07F7	0000	6

shared estimated size: 6

