Microchip MPLAB XC8 Compiler V2.10 ()

Linker command line:

-W-3 --edf=C:\Program Files (x86)\Microchip\xc8\v2.10\pic\dat\en_msgs.txt \
  -cs -h+dist/default/production\Laboratorio_4_Slave.X.production.sym \
  --cmf=dist/default/production\Laboratorio_4_Slave.X.production.cmf -z \
  -Q16F887 -oC:\Users\juanz\AppData\Local\Temp\s17s.2 \
  --defsym=__MPLAB_BUILD=1 \
  -Mdist/default/production/Laboratorio_4_Slave.X.production.map -E1 \
  -ver=XC8 --acfsm=1493 -ASTACK=0110h-016Fh -pstack=STACK \
  -ACODE=00h-07FFhx4 -ASTRCODE=00h-01FFFh -ASTRING=00h-0FFhx32 \
  -ACONST=00h-0FFhx32 -AENTRY=00h-0FFhx32 -ACOMMON=070h-07Fh \
  -ABANK0=020h-06Fh -ABANK1=0A0h-0EFh -ABANK2=0110h-016Fh \
  -ABANK3=0190h-01EFh -ARAM=020h-06Fh,0A0h-0EFh,0110h-016Fh,0190h-01EFh \
  -AABS1=020h-07Fh,0A0h-0EFh,0110h-016Fh,0190h-01EFh -ASFR0=00h-01Fh \
  -ASFR1=080h-09Fh -ASFR2=0100h-010Fh -ASFR3=0180h-018Fh \
  -preset_vec=00h,intentry,init,end_init -ppowerup=CODE -pcinit=CODE \
  -pfunctab=ENTRY -ACONFIG=02007h-02008h -pconfig=CONFIG -DCONFIG=2 \
  -AIDLOC=02000h-02003h -pidloc=IDLOC -DIDLOC=2 -AEEDATA=00h-0FFh/02100h \
  -peeprom_data=EEDATA -DEEDATA=2 -DCODE=2 -DSTRCODE=2 -DSTRING=2 -DCONST=2 \
  -DENTRY=2 -k C:\Users\juanz\AppData\Local\Temp\s17s.o \
  dist/default/production\Laboratorio_4_Slave.X.production.o 

Object code version is 3.11

Machine type is 16F887



                Name                               Link     Load   Length Selector   Space Scale
C:\Users\juanz\AppData\Local\Temp\s17s.o
                end_init                              0        0        3        0       0
                config                             2007     2007        2     400E       0
dist/default/production\Laboratorio_4_Slave.X.production.o
                cinit                               7EB      7EB       15      FD6       0
                text6                               786      786       2C      F0C       0
                text5                               726      726       12      E4C       0
                text4                               764      764       22      EC8       0
                text3                               718      718        6      E30       0
                text2                               74D      74D       17      E9A       0
                text1                               738      738       15      E70       0
                maintext                            7B2      7B2       39      F64       0
                cstackCOMMON                         79       79        3       70       1
                clrtext                             71E      71E        8      E3C       0
                bssBANK0                             20       20       18       20       1
                bssCOMMON                            70       70        9       70       1

TOTAL           Name                               Link     Load   Length     Space
        CLASS   STACK          

        CLASS   CODE           
                end_init                              0        0        3         0
                cinit                               7EB      7EB       15         0
                text6                               786      786       2C         0
                text5                               726      726       12         0
                text4                               764      764       22         0
                text3                               718      718        6         0
                text2                               74D      74D       17         0
                text1                               738      738       15         0
                maintext                            7B2      7B2       39         0
                clrtext                             71E      71E        8         0

        CLASS   STRCODE        

        CLASS   STRING         

        CLASS   CONST          

        CLASS   ENTRY          

        CLASS   COMMON         
                cstackCOMMON                         79       79        3         1
                bssCOMMON                            70       70        9         1

        CLASS   BANK0          
                bssBANK0                             20       20       18         1

        CLASS   BANK1          

        CLASS   BANK2          

        CLASS   BANK3          

        CLASS   RAM            

        CLASS   ABS1           
                abs_s1                               7E       7E        2         1

        CLASS   SFR0           

        CLASS   SFR1           

        CLASS   SFR2           

        CLASS   SFR3           

        CLASS   CONFIG         
                config                             2007     2007        2         0

        CLASS   IDLOC          

        CLASS   EEDATA         



SEGMENTS        Name                           Load    Length   Top    Selector   Space  Class     Delta

                reset_vec                      000000  000003  000003         0       0  CODE        2
                bssBANK0                       000020  000018  000038        20       1  BANK0       1
                bssCOMMON                      000070  00000C  00007C        70       1  COMMON      1
                text3                          000718  000006  00071E       E30       0  CODE        2
                clrtext                        00071E  000008  000726       E3C       0  CODE        2
                text5                          000726  000012  000738       E4C       0  CODE        2
                text1                          000738  000015  00074D       E70       0  CODE        2
                text2                          00074D  000017  000764       E9A       0  CODE        2
                text4                          000764  000022  000786       EC8       0  CODE        2
                text6                          000786  00002C  0007B2       F0C       0  CODE        2
                maintext                       0007B2  000039  0007EB       F64       0  CODE        2
                cinit                          0007EB  000015  000800       FD6       0  CODE        2
                config                         002007  000002  002009      400E       0  CONFIG      2


UNUSED ADDRESS RANGES

        Name                Unused          Largest block    Delta
        BANK0            0038-006F             38           1
        BANK1            00A0-00EF             50           1
        BANK2            0110-016F             60           1
        BANK3            0190-01EF             60           1
        CODE             0003-0717            715           2
                         0800-1FFF            800
        COMMON           007C-007D              2           1
        CONST            0003-0717            100           2
                         0800-1FFF            100
        EEDATA           2100-21FF            100           2
        ENTRY            0003-0717            100           2
                         0800-1FFF            100
        IDLOC            2000-2003              4           2
        RAM              0038-006F             38           1
                         00A0-00EF             50
                         0110-016F             60
                         0190-01EF             60
        SFR0             0000-001F             20           1
        SFR1             0080-009F             20           1
        SFR2             0100-010F             10           1
        SFR3             0180-018F             10           1
        STACK            0110-016F             60           1
        STRCODE          0003-0717            715           2
                         0800-1FFF           1800
        STRING           0003-0717            100           2
                         0800-1FFF            100

                                  Symbol Table

_ADCON0bits                      (abs)        001F
_ADCON1bits                      (abs)        009F
_ADRESH                          (abs)        001E
_ANSEL                           (abs)        0188
_ANSELH                          (abs)        0189
_OSCCONbits                      (abs)        008F
_PORTA                           (abs)        0005
_PORTB                           (abs)        0006
_PORTC                           (abs)        0007
_PORTD                           (abs)        0008
_PORTE                           (abs)        0009
_POT                             text6        0786
_SSPBUF                          (abs)        0013
_SSPCONbits                      (abs)        0014
_SSPSTATbits                     (abs)        0094
_TRISA                           (abs)        0085
_TRISB                           (abs)        0086
_TRISCbits                       (abs)        0087
__CFG_BOR4V$BOR40V               (abs)        0000
__CFG_BOREN$OFF                  (abs)        0000
__CFG_CP$OFF                     (abs)        0000
__CFG_CPD$OFF                    (abs)        0000
__CFG_FCMEN$OFF                  (abs)        0000
__CFG_FOSC$INTRC_NOCLKOUT        (abs)        0000
__CFG_IESO$OFF                   (abs)        0000
__CFG_LVP$OFF                    (abs)        0000
__CFG_MCLRE$OFF                  (abs)        0000
__CFG_PWRTE$ON                   (abs)        0000
__CFG_WDTE$OFF                   (abs)        0000
__CFG_WRT$OFF                    (abs)        0000
__Habs1                          abs1         0000
__Hbank0                         bank0        0000
__Hbank1                         bank1        0000
__Hbank2                         bank2        0000
__Hbank3                         bank3        0000
__HbssBANK0                      bssBANK0     0000
__HbssCOMMON                     bssCOMMON    0000
__Hcinit                         cinit        0800
__Hclrtext                       clrtext      0000
__Hcode                          code         0000
__Hcommon                        common       0000
__Hconfig                        config       2009
__HcstackCOMMON                  cstackCOMMON 0000
__Heeprom_data                   eeprom_data  0000
__Hend_init                      end_init     0003
__Hfunctab                       functab      0000
__Hidloc                         idloc        0000
__Hinit                          init         0000
__Hintentry                      intentry     0000
__Hmaintext                      maintext     0000
__Hpowerup                       powerup      0000
__Hram                           ram          0000
__Hreset_vec                     reset_vec    0000
__Hsfr0                          sfr0         0000
__Hsfr1                          sfr1         0000
__Hsfr2                          sfr2         0000
__Hsfr3                          sfr3         0000
__Hspace_0                       (abs)        2009
__Hspace_1                       (abs)        007C
__Hspace_2                       (abs)        0000
__Hspace_3                       (abs)        0000
__Hstack                         stack        0000
__Hstrings                       strings      0000
__Htext                          text         0000
__Labs1                          abs1         0000
__Lbank0                         bank0        0000
__Lbank1                         bank1        0000
__Lbank2                         bank2        0000
__Lbank3                         bank3        0000
__LbssBANK0                      bssBANK0     0000
__LbssCOMMON                     bssCOMMON    0000
__Lcinit                         cinit        07EB
__Lclrtext                       clrtext      0000
__Lcode                          code         0000
__Lcommon                        common       0000
__Lconfig                        config       2007
__LcstackCOMMON                  cstackCOMMON 0000
__Leeprom_data                   eeprom_data  0000
__Lend_init                      end_init     0000
__Lfunctab                       functab      0000
__Lidloc                         idloc        0000
__Linit                          init         0000
__Lintentry                      intentry     0000
__Lmaintext                      maintext     0000
__Lpowerup                       powerup      0000
__Lram                           ram          0000
__Lreset_vec                     reset_vec    0000
__Lsfr0                          sfr0         0000
__Lsfr1                          sfr1         0000
__Lsfr2                          sfr2         0000
__Lsfr3                          sfr3         0000
__Lspace_0                       (abs)        0000
__Lspace_1                       (abs)        0000
__Lspace_2                       (abs)        0000
__Lspace_3                       (abs)        0000
__Lstack                         stack        0000
__Lstrings                       strings      0000
__Ltext                          text         0000
__S0                             (abs)        2009
__S1                             (abs)        007C
__S2                             (abs)        0000
__S3                             (abs)        0000
___int_sp                        stack        0000
___latbits                       (abs)        0002
___sp                            stack        0000
___stackhi                       (abs)        0000
___stacklo                       (abs)        0000
__end_of_POT                     text6        07B2
__end_of__initialization         cinit        07FC
__end_of_adcInit                 text5        0738
__end_of_main                    maintext     07EB
__end_of_spiFunctionReadMaster   text4        0786
__end_of_spiFunctionWriteMaster  text2        0764
__end_of_spiSlaveInit            text1        074D
__end_of_spiWrite                text3        071E
__initialization                 cinit        07EB
__pbssBANK0                      bssBANK0     0020
__pbssCOMMON                     bssCOMMON    0070
__pcstackCOMMON                  cstackCOMMON 0079
__pmaintext                      maintext     07B2
__ptext1                         text1        0738
__ptext2                         text2        074D
__ptext3                         text3        0718
__ptext4                         text4        0764
__ptext5                         text5        0726
__ptext6                         text6        0786
__size_of_POT                    (abs)        0000
__size_of_adcInit                (abs)        0000
__size_of_main                   (abs)        0000
__size_of_spiFunctionReadMaster  (abs)        0000
__size_of_spiFunctionWriteMaster (abs)        0000
__size_of_spiSlaveInit           (abs)        0000
__size_of_spiWrite               (abs)        0000
_adcInit                         text5        0726
_main                            maintext     07B2
_slaveIn                         bssCOMMON    0072
_slaveOut                        bssCOMMON    0071
_spiFunctionReadMaster           text4        0764
_spiFunctionWriteMaster          text2        074D
_spiSlaveInit                    text1        0738
_spiWrite                        text3        0718
_valana                          bssCOMMON    0078
btemp                            (abs)        007E
clear_ram0                       clrtext      071E
end_of_initialization            cinit        07FC
intlevel0                        functab      0000
intlevel1                        functab      0000
intlevel2                        functab      0000
intlevel3                        functab      0000
intlevel4                        functab      0000
intlevel5                        functab      0000
reset_vec                        reset_vec    0000
spiWrite@dat                     cstackCOMMON 0079
start                            init         0000
start_initialization             cinit        07EB
wtemp0                           (abs)        007E


FUNCTION INFORMATION:

 *************** function _main *****************
 Defined at:
		line 30 in file "Laboratorio_4_Slave.c"
 Parameters:    Size  Location     Type
		None
 Auto vars:     Size  Location     Type
		None
 Return value:  Size  Location     Type
                  1    wreg      void 
 Registers used:
		wreg, status,2, status,0, pclath, cstack
 Tracked objects:
		On entry : 
		On exit  : 
		Unchanged: 
 Data sizes:     COMMON   BANK0   BANK1   BANK3   BANK2
      Params:         0       0       0       0       0
      Locals:         0       0       0       0       0
      Temps:          0       0       0       0       0
      Totals:         0       0       0       0       0
Total ram usage:        0 bytes
 Hardware stack levels required when called:    2
 This function calls:
		_POT
		_adcInit
		_spiFunctionReadMaster
		_spiFunctionWriteMaster
		_spiSlaveInit
 This function is called by:
		Startup code after reset
 This function uses a non-reentrant model


 *************** function _spiSlaveInit *****************
 Defined at:
		line 57 in file "Labor4Slave.c"
 Parameters:    Size  Location     Type
		None
 Auto vars:     Size  Location     Type
		None
 Return value:  Size  Location     Type
                  1    wreg      void 
 Registers used:
		wreg, status,2, status,0
 Tracked objects:
		On entry : 
		On exit  : 
		Unchanged: 
 Data sizes:     COMMON   BANK0   BANK1   BANK3   BANK2
      Params:         0       0       0       0       0
      Locals:         0       0       0       0       0
      Temps:          0       0       0       0       0
      Totals:         0       0       0       0       0
Total ram usage:        0 bytes
 Hardware stack levels used:    1
 This function calls:
		Nothing
 This function is called by:
		_main
 This function uses a non-reentrant model


 *************** function _spiFunctionWriteMaster *****************
 Defined at:
		line 84 in file "Labor4Slave.c"
 Parameters:    Size  Location     Type
		None
 Auto vars:     Size  Location     Type
		None
 Return value:  Size  Location     Type
                  1    wreg      void 
 Registers used:
		wreg, status,2, status,0, pclath, cstack
 Tracked objects:
		On entry : 
		On exit  : 
		Unchanged: 
 Data sizes:     COMMON   BANK0   BANK1   BANK3   BANK2
      Params:         0       0       0       0       0
      Locals:         0       0       0       0       0
      Temps:          2       0       0       0       0
      Totals:         2       0       0       0       0
Total ram usage:        2 bytes
 Hardware stack levels used:    1
 Hardware stack levels required when called:    1
 This function calls:
		_spiWrite
 This function is called by:
		_main
 This function uses a non-reentrant model


 *************** function _spiWrite *****************
 Defined at:
		line 91 in file "Labor4Slave.c"
 Parameters:    Size  Location     Type
  dat             1    wreg     unsigned char 
 Auto vars:     Size  Location     Type
  dat             1    0[COMMON] unsigned char 
 Return value:  Size  Location     Type
                  1    wreg      void 
 Registers used:
		wreg
 Tracked objects:
		On entry : 
		On exit  : 
		Unchanged: 
 Data sizes:     COMMON   BANK0   BANK1   BANK3   BANK2
      Params:         0       0       0       0       0
      Locals:         1       0       0       0       0
      Temps:          0       0       0       0       0
      Totals:         1       0       0       0       0
Total ram usage:        1 bytes
 Hardware stack levels used:    1
 This function calls:
		Nothing
 This function is called by:
		_spiFunctionWriteMaster
 This function uses a non-reentrant model


 *************** function _spiFunctionReadMaster *****************
 Defined at:
		line 68 in file "Labor4Slave.c"
 Parameters:    Size  Location     Type
		None
 Auto vars:     Size  Location     Type
		None
 Return value:  Size  Location     Type
                  1    wreg      void 
 Registers used:
		wreg
 Tracked objects:
		On entry : 
		On exit  : 
		Unchanged: 
 Data sizes:     COMMON   BANK0   BANK1   BANK3   BANK2
      Params:         0       0       0       0       0
      Locals:         0       0       0       0       0
      Temps:          2       0       0       0       0
      Totals:         2       0       0       0       0
Total ram usage:        2 bytes
 Hardware stack levels used:    1
 This function calls:
		Nothing
 This function is called by:
		_main
 This function uses a non-reentrant model


 *************** function _adcInit *****************
 Defined at:
		line 15 in file "Labor4Slave.c"
 Parameters:    Size  Location     Type
		None
 Auto vars:     Size  Location     Type
		None
 Return value:  Size  Location     Type
                  1    wreg      void 
 Registers used:
		wreg, status,2, status,0
 Tracked objects:
		On entry : 
		On exit  : 
		Unchanged: 
 Data sizes:     COMMON   BANK0   BANK1   BANK3   BANK2
      Params:         0       0       0       0       0
      Locals:         0       0       0       0       0
      Temps:          0       0       0       0       0
      Totals:         0       0       0       0       0
Total ram usage:        0 bytes
 Hardware stack levels used:    1
 This function calls:
		Nothing
 This function is called by:
		_main
 This function uses a non-reentrant model


 *************** function _POT *****************
 Defined at:
		line 27 in file "Labor4Slave.c"
 Parameters:    Size  Location     Type
		None
 Auto vars:     Size  Location     Type
		None
 Return value:  Size  Location     Type
                  1    wreg      void 
 Registers used:
		wreg, status,2, status,0
 Tracked objects:
		On entry : 
		On exit  : 
		Unchanged: 
 Data sizes:     COMMON   BANK0   BANK1   BANK3   BANK2
      Params:         0       0       0       0       0
      Locals:         0       0       0       0       0
      Temps:          2       0       0       0       0
      Totals:         2       0       0       0       0
Total ram usage:        2 bytes
 Hardware stack levels used:    1
 This function calls:
		Nothing
 This function is called by:
		_main
 This function uses a non-reentrant model



MODULE INFORMATION

Module		Function		Class		Link	Load	Size
Labor4Slave.c
		_spiFunctionReadMaster		CODE           	0764	0000	35
		_POT           		CODE           	0786	0000	45
		_spiWrite      		CODE           	0718	0000	7
		_spiSlaveInit  		CODE           	0738	0000	22
		_adcInit       		CODE           	0726	0000	19
		_spiFunctionWriteMaster		CODE           	074D	0000	24

Labor4Slave.c estimated size: 152

Laboratorio_4_Slave.c
		_main          		CODE           	07B2	0000	58

Laboratorio_4_Slave.c estimated size: 58

shared
		__initialization		CODE           	07EB	0000	18

shared estimated size: 18

